// Jest Snapshot v1, https://goo.gl/fbAQLP

exports[`MyRockets render Rockets Components 1`] = `[Function]`;
